
 #Metrics
  No trim conditions were found

  Hackathon            1
  Path performance, flight path            1

  Measures of flight path performance (distance in meters, time is seconds, speed in meters per second)

  Flight path was not successfully traversed.

 #Metrics
 Flight_distance    8.16302054E-06
 Time_to_traverse_path    1.00000005E-03
 Average_speed_to_traverse_path    8.16302095E-03
 Maximimum_error_distance_during_flight    200.000000
 Time_of_maximum_distance_error    1.00000005E-03
 Location_of_maximum_distance_error    9.99999978E-03   0.00000000      -200.000000
 Velocity_at_time_of_maximum_distance_error    10.0000000       0.00000000       0.00000000
 Spatial_average_distance_error    200.000000
 Maximum_ground_impact_speed    0.00000000
 Path_traverse_score_based_on_requirements    0.00000000
 Input_LQR_weights_Qp_Qv_Qav_Qang_R    1.00000000       1.00000000       1.00000000       1.00000000       1.00000000
